running develop
running egg_info
creating mecanumbot_sensorprocess_smart.egg-info
writing mecanumbot_sensorprocess_smart.egg-info/PKG-INFO
writing dependency_links to mecanumbot_sensorprocess_smart.egg-info/dependency_links.txt
writing entry points to mecanumbot_sensorprocess_smart.egg-info/entry_points.txt
writing requirements to mecanumbot_sensorprocess_smart.egg-info/requires.txt
writing top-level names to mecanumbot_sensorprocess_smart.egg-info/top_level.txt
writing manifest file 'mecanumbot_sensorprocess_smart.egg-info/SOURCES.txt'
reading manifest file 'mecanumbot_sensorprocess_smart.egg-info/SOURCES.txt'
writing manifest file 'mecanumbot_sensorprocess_smart.egg-info/SOURCES.txt'
running build_ext
Creating /home/ubuntu/mecanumbot_ws/src/mecanumbot_sensorprocess_smart/install/mecanumbot_sensorprocess_smart/lib/python3.10/site-packages/mecanumbot-sensorprocess-smart.egg-link (link to .)
Installing mecanumbot_cam_detect_people script to /home/ubuntu/mecanumbot_ws/src/mecanumbot_sensorprocess_smart/install/mecanumbot_sensorprocess_smart/lib/mecanumbot_sensorprocess_smart
Installing mecanumbot_detect_tennis script to /home/ubuntu/mecanumbot_ws/src/mecanumbot_sensorprocess_smart/install/mecanumbot_sensorprocess_smart/lib/mecanumbot_sensorprocess_smart
Installing mecanumbot_lidar_detect_people script to /home/ubuntu/mecanumbot_ws/src/mecanumbot_sensorprocess_smart/install/mecanumbot_sensorprocess_smart/lib/mecanumbot_sensorprocess_smart
Installing mecanumbot_locate_detections script to /home/ubuntu/mecanumbot_ws/src/mecanumbot_sensorprocess_smart/install/mecanumbot_sensorprocess_smart/lib/mecanumbot_sensorprocess_smart
Installing mecanumbot_onboard_cam_detect_people script to /home/ubuntu/mecanumbot_ws/src/mecanumbot_sensorprocess_smart/install/mecanumbot_sensorprocess_smart/lib/mecanumbot_sensorprocess_smart
Installing mecanumbot_onboard_lidar_detect_people script to /home/ubuntu/mecanumbot_ws/src/mecanumbot_sensorprocess_smart/install/mecanumbot_sensorprocess_smart/lib/mecanumbot_sensorprocess_smart

Installed /home/ubuntu/mecanumbot_ws/src/mecanumbot_sensorprocess_smart/build/mecanumbot_sensorprocess_smart
running symlink_data
creating /home/ubuntu/mecanumbot_ws/src/mecanumbot_sensorprocess_smart/install/mecanumbot_sensorprocess_smart/share/ament_index
creating /home/ubuntu/mecanumbot_ws/src/mecanumbot_sensorprocess_smart/install/mecanumbot_sensorprocess_smart/share/ament_index/resource_index
creating /home/ubuntu/mecanumbot_ws/src/mecanumbot_sensorprocess_smart/install/mecanumbot_sensorprocess_smart/share/ament_index/resource_index/packages
symbolically linking /home/ubuntu/mecanumbot_ws/src/mecanumbot_sensorprocess_smart/build/mecanumbot_sensorprocess_smart/resource/mecanumbot_sensorprocess_smart -> /home/ubuntu/mecanumbot_ws/src/mecanumbot_sensorprocess_smart/install/mecanumbot_sensorprocess_smart/share/ament_index/resource_index/packages
symbolically linking /home/ubuntu/mecanumbot_ws/src/mecanumbot_sensorprocess_smart/build/mecanumbot_sensorprocess_smart/package.xml -> /home/ubuntu/mecanumbot_ws/src/mecanumbot_sensorprocess_smart/install/mecanumbot_sensorprocess_smart/share/mecanumbot_sensorprocess_smart
creating /home/ubuntu/mecanumbot_ws/src/mecanumbot_sensorprocess_smart/install/mecanumbot_sensorprocess_smart/share/mecanumbot_sensorprocess_smart/param
symbolically linking /home/ubuntu/mecanumbot_ws/src/mecanumbot_sensorprocess_smart/build/mecanumbot_sensorprocess_smart/param/lidar_peopledetect_config.yaml -> /home/ubuntu/mecanumbot_ws/src/mecanumbot_sensorprocess_smart/install/mecanumbot_sensorprocess_smart/share/mecanumbot_sensorprocess_smart/param
creating /home/ubuntu/mecanumbot_ws/src/mecanumbot_sensorprocess_smart/install/mecanumbot_sensorprocess_smart/share/mecanumbot_sensorprocess_smart/config
symbolically linking /home/ubuntu/mecanumbot_ws/src/mecanumbot_sensorprocess_smart/build/mecanumbot_sensorprocess_smart/config/lidar_peopledetect_config.yaml -> /home/ubuntu/mecanumbot_ws/src/mecanumbot_sensorprocess_smart/install/mecanumbot_sensorprocess_smart/share/mecanumbot_sensorprocess_smart/config
creating /home/ubuntu/mecanumbot_ws/src/mecanumbot_sensorprocess_smart/install/mecanumbot_sensorprocess_smart/share/mecanumbot_sensorprocess_smart/models
symbolically linking /home/ubuntu/mecanumbot_ws/src/mecanumbot_sensorprocess_smart/build/mecanumbot_sensorprocess_smart/models/dr_spaam.onnx -> /home/ubuntu/mecanumbot_ws/src/mecanumbot_sensorprocess_smart/install/mecanumbot_sensorprocess_smart/share/mecanumbot_sensorprocess_smart/models
symbolically linking /home/ubuntu/mecanumbot_ws/src/mecanumbot_sensorprocess_smart/build/mecanumbot_sensorprocess_smart/models/dr_spaam_5_on_frog.pth -> /home/ubuntu/mecanumbot_ws/src/mecanumbot_sensorprocess_smart/install/mecanumbot_sensorprocess_smart/share/mecanumbot_sensorprocess_smart/models
symbolically linking /home/ubuntu/mecanumbot_ws/src/mecanumbot_sensorprocess_smart/build/mecanumbot_sensorprocess_smart/models/yolo26n-pose.pt -> /home/ubuntu/mecanumbot_ws/src/mecanumbot_sensorprocess_smart/install/mecanumbot_sensorprocess_smart/share/mecanumbot_sensorprocess_smart/models
symbolically linking /home/ubuntu/mecanumbot_ws/src/mecanumbot_sensorprocess_smart/build/mecanumbot_sensorprocess_smart/models/yolo26n-pose.onnx_b1_gpu0_fp16.engine -> /home/ubuntu/mecanumbot_ws/src/mecanumbot_sensorprocess_smart/install/mecanumbot_sensorprocess_smart/share/mecanumbot_sensorprocess_smart/models
symbolically linking /home/ubuntu/mecanumbot_ws/src/mecanumbot_sensorprocess_smart/build/mecanumbot_sensorprocess_smart/models/yolo26n-pose.onnx -> /home/ubuntu/mecanumbot_ws/src/mecanumbot_sensorprocess_smart/install/mecanumbot_sensorprocess_smart/share/mecanumbot_sensorprocess_smart/models
creating /home/ubuntu/mecanumbot_ws/src/mecanumbot_sensorprocess_smart/install/mecanumbot_sensorprocess_smart/share/mecanumbot_sensorprocess_smart/launch
symbolically linking /home/ubuntu/mecanumbot_ws/src/mecanumbot_sensorprocess_smart/build/mecanumbot_sensorprocess_smart/launch/mecanumbot_peopledetect.launch.py -> /home/ubuntu/mecanumbot_ws/src/mecanumbot_sensorprocess_smart/install/mecanumbot_sensorprocess_smart/share/mecanumbot_sensorprocess_smart/launch
creating /home/ubuntu/mecanumbot_ws/src/mecanumbot_sensorprocess_smart/install/mecanumbot_sensorprocess_smart/share/mecanumbot_sensorprocess_smart/deepstream_config
symbolically linking /home/ubuntu/mecanumbot_ws/src/mecanumbot_sensorprocess_smart/build/mecanumbot_sensorprocess_smart/deepstream_config/config_infer_yolo26_pose.txt -> /home/ubuntu/mecanumbot_ws/src/mecanumbot_sensorprocess_smart/install/mecanumbot_sensorprocess_smart/share/mecanumbot_sensorprocess_smart/deepstream_config
symbolically linking /home/ubuntu/mecanumbot_ws/src/mecanumbot_sensorprocess_smart/build/mecanumbot_sensorprocess_smart/deepstream_config/labels.txt -> /home/ubuntu/mecanumbot_ws/src/mecanumbot_sensorprocess_smart/install/mecanumbot_sensorprocess_smart/share/mecanumbot_sensorprocess_smart/deepstream_config
