[1.588s] Invoking command in '/home/ubuntu/mecanumbot_ws/src/mecanumbot_sensorprocess_smart/build/mecanumbot_sensorprocess_smart': PYTHONPATH=/home/ubuntu/mecanumbot_ws/src/mecanumbot_sensorprocess_smart/build/mecanumbot_sensorprocess_smart/prefix_override:/usr/lib/python3/dist-packages/colcon_core/task/python/colcon_distutils_commands:/home/ubuntu/mecanumbot_ws/src/mecanumbot_sensorprocess_smart/install/mecanumbot_sensorprocess_smart/lib/python3.10/site-packages:${PYTHONPATH} /usr/bin/python3 -W ignore:setup.py install is deprecated -W ignore:easy_install command is deprecated setup.py develop --editable --build-directory /home/ubuntu/mecanumbot_ws/src/mecanumbot_sensorprocess_smart/build/mecanumbot_sensorprocess_smart/build --no-deps symlink_data
[2.267s] running develop
[2.731s] running egg_info
[2.731s] creating mecanumbot_sensorprocess_smart.egg-info
[2.732s] writing mecanumbot_sensorprocess_smart.egg-info/PKG-INFO
[2.733s] writing dependency_links to mecanumbot_sensorprocess_smart.egg-info/dependency_links.txt
[2.733s] writing entry points to mecanumbot_sensorprocess_smart.egg-info/entry_points.txt
[2.733s] writing requirements to mecanumbot_sensorprocess_smart.egg-info/requires.txt
[2.734s] writing top-level names to mecanumbot_sensorprocess_smart.egg-info/top_level.txt
[2.734s] writing manifest file 'mecanumbot_sensorprocess_smart.egg-info/SOURCES.txt'
[2.739s] reading manifest file 'mecanumbot_sensorprocess_smart.egg-info/SOURCES.txt'
[2.740s] writing manifest file 'mecanumbot_sensorprocess_smart.egg-info/SOURCES.txt'
[2.744s] running build_ext
[2.745s] Creating /home/ubuntu/mecanumbot_ws/src/mecanumbot_sensorprocess_smart/install/mecanumbot_sensorprocess_smart/lib/python3.10/site-packages/mecanumbot-sensorprocess-smart.egg-link (link to .)
[2.747s] Installing mecanumbot_cam_detect_people script to /home/ubuntu/mecanumbot_ws/src/mecanumbot_sensorprocess_smart/install/mecanumbot_sensorprocess_smart/lib/mecanumbot_sensorprocess_smart
[2.747s] Installing mecanumbot_detect_tennis script to /home/ubuntu/mecanumbot_ws/src/mecanumbot_sensorprocess_smart/install/mecanumbot_sensorprocess_smart/lib/mecanumbot_sensorprocess_smart
[2.748s] Installing mecanumbot_lidar_detect_people script to /home/ubuntu/mecanumbot_ws/src/mecanumbot_sensorprocess_smart/install/mecanumbot_sensorprocess_smart/lib/mecanumbot_sensorprocess_smart
[2.748s] Installing mecanumbot_locate_detections script to /home/ubuntu/mecanumbot_ws/src/mecanumbot_sensorprocess_smart/install/mecanumbot_sensorprocess_smart/lib/mecanumbot_sensorprocess_smart
[2.748s] Installing mecanumbot_onboard_cam_detect_people script to /home/ubuntu/mecanumbot_ws/src/mecanumbot_sensorprocess_smart/install/mecanumbot_sensorprocess_smart/lib/mecanumbot_sensorprocess_smart
[2.749s] Installing mecanumbot_onboard_lidar_detect_people script to /home/ubuntu/mecanumbot_ws/src/mecanumbot_sensorprocess_smart/install/mecanumbot_sensorprocess_smart/lib/mecanumbot_sensorprocess_smart
[2.749s] 
[2.749s] Installed /home/ubuntu/mecanumbot_ws/src/mecanumbot_sensorprocess_smart/build/mecanumbot_sensorprocess_smart
[2.750s] running symlink_data
[2.750s] creating /home/ubuntu/mecanumbot_ws/src/mecanumbot_sensorprocess_smart/install/mecanumbot_sensorprocess_smart/share/ament_index
[2.751s] creating /home/ubuntu/mecanumbot_ws/src/mecanumbot_sensorprocess_smart/install/mecanumbot_sensorprocess_smart/share/ament_index/resource_index
[2.751s] creating /home/ubuntu/mecanumbot_ws/src/mecanumbot_sensorprocess_smart/install/mecanumbot_sensorprocess_smart/share/ament_index/resource_index/packages
[2.752s] symbolically linking /home/ubuntu/mecanumbot_ws/src/mecanumbot_sensorprocess_smart/build/mecanumbot_sensorprocess_smart/resource/mecanumbot_sensorprocess_smart -> /home/ubuntu/mecanumbot_ws/src/mecanumbot_sensorprocess_smart/install/mecanumbot_sensorprocess_smart/share/ament_index/resource_index/packages
[2.752s] symbolically linking /home/ubuntu/mecanumbot_ws/src/mecanumbot_sensorprocess_smart/build/mecanumbot_sensorprocess_smart/package.xml -> /home/ubuntu/mecanumbot_ws/src/mecanumbot_sensorprocess_smart/install/mecanumbot_sensorprocess_smart/share/mecanumbot_sensorprocess_smart
[2.752s] creating /home/ubuntu/mecanumbot_ws/src/mecanumbot_sensorprocess_smart/install/mecanumbot_sensorprocess_smart/share/mecanumbot_sensorprocess_smart/param
[2.752s] symbolically linking /home/ubuntu/mecanumbot_ws/src/mecanumbot_sensorprocess_smart/build/mecanumbot_sensorprocess_smart/param/lidar_peopledetect_config.yaml -> /home/ubuntu/mecanumbot_ws/src/mecanumbot_sensorprocess_smart/install/mecanumbot_sensorprocess_smart/share/mecanumbot_sensorprocess_smart/param
[2.752s] creating /home/ubuntu/mecanumbot_ws/src/mecanumbot_sensorprocess_smart/install/mecanumbot_sensorprocess_smart/share/mecanumbot_sensorprocess_smart/config
[2.752s] symbolically linking /home/ubuntu/mecanumbot_ws/src/mecanumbot_sensorprocess_smart/build/mecanumbot_sensorprocess_smart/config/lidar_peopledetect_config.yaml -> /home/ubuntu/mecanumbot_ws/src/mecanumbot_sensorprocess_smart/install/mecanumbot_sensorprocess_smart/share/mecanumbot_sensorprocess_smart/config
[2.753s] creating /home/ubuntu/mecanumbot_ws/src/mecanumbot_sensorprocess_smart/install/mecanumbot_sensorprocess_smart/share/mecanumbot_sensorprocess_smart/models
[2.753s] symbolically linking /home/ubuntu/mecanumbot_ws/src/mecanumbot_sensorprocess_smart/build/mecanumbot_sensorprocess_smart/models/dr_spaam.onnx -> /home/ubuntu/mecanumbot_ws/src/mecanumbot_sensorprocess_smart/install/mecanumbot_sensorprocess_smart/share/mecanumbot_sensorprocess_smart/models
[2.753s] symbolically linking /home/ubuntu/mecanumbot_ws/src/mecanumbot_sensorprocess_smart/build/mecanumbot_sensorprocess_smart/models/dr_spaam_5_on_frog.pth -> /home/ubuntu/mecanumbot_ws/src/mecanumbot_sensorprocess_smart/install/mecanumbot_sensorprocess_smart/share/mecanumbot_sensorprocess_smart/models
[2.753s] symbolically linking /home/ubuntu/mecanumbot_ws/src/mecanumbot_sensorprocess_smart/build/mecanumbot_sensorprocess_smart/models/yolo26n-pose.pt -> /home/ubuntu/mecanumbot_ws/src/mecanumbot_sensorprocess_smart/install/mecanumbot_sensorprocess_smart/share/mecanumbot_sensorprocess_smart/models
[2.754s] symbolically linking /home/ubuntu/mecanumbot_ws/src/mecanumbot_sensorprocess_smart/build/mecanumbot_sensorprocess_smart/models/yolo26n-pose.onnx_b1_gpu0_fp16.engine -> /home/ubuntu/mecanumbot_ws/src/mecanumbot_sensorprocess_smart/install/mecanumbot_sensorprocess_smart/share/mecanumbot_sensorprocess_smart/models
[2.754s] symbolically linking /home/ubuntu/mecanumbot_ws/src/mecanumbot_sensorprocess_smart/build/mecanumbot_sensorprocess_smart/models/yolo26n-pose.onnx -> /home/ubuntu/mecanumbot_ws/src/mecanumbot_sensorprocess_smart/install/mecanumbot_sensorprocess_smart/share/mecanumbot_sensorprocess_smart/models
[2.754s] creating /home/ubuntu/mecanumbot_ws/src/mecanumbot_sensorprocess_smart/install/mecanumbot_sensorprocess_smart/share/mecanumbot_sensorprocess_smart/launch
[2.754s] symbolically linking /home/ubuntu/mecanumbot_ws/src/mecanumbot_sensorprocess_smart/build/mecanumbot_sensorprocess_smart/launch/mecanumbot_peopledetect.launch.py -> /home/ubuntu/mecanumbot_ws/src/mecanumbot_sensorprocess_smart/install/mecanumbot_sensorprocess_smart/share/mecanumbot_sensorprocess_smart/launch
[2.754s] creating /home/ubuntu/mecanumbot_ws/src/mecanumbot_sensorprocess_smart/install/mecanumbot_sensorprocess_smart/share/mecanumbot_sensorprocess_smart/deepstream_config
[2.754s] symbolically linking /home/ubuntu/mecanumbot_ws/src/mecanumbot_sensorprocess_smart/build/mecanumbot_sensorprocess_smart/deepstream_config/config_infer_yolo26_pose.txt -> /home/ubuntu/mecanumbot_ws/src/mecanumbot_sensorprocess_smart/install/mecanumbot_sensorprocess_smart/share/mecanumbot_sensorprocess_smart/deepstream_config
[2.754s] symbolically linking /home/ubuntu/mecanumbot_ws/src/mecanumbot_sensorprocess_smart/build/mecanumbot_sensorprocess_smart/deepstream_config/labels.txt -> /home/ubuntu/mecanumbot_ws/src/mecanumbot_sensorprocess_smart/install/mecanumbot_sensorprocess_smart/share/mecanumbot_sensorprocess_smart/deepstream_config
[2.847s] Invoked command in '/home/ubuntu/mecanumbot_ws/src/mecanumbot_sensorprocess_smart/build/mecanumbot_sensorprocess_smart' returned '0': PYTHONPATH=/home/ubuntu/mecanumbot_ws/src/mecanumbot_sensorprocess_smart/build/mecanumbot_sensorprocess_smart/prefix_override:/usr/lib/python3/dist-packages/colcon_core/task/python/colcon_distutils_commands:/home/ubuntu/mecanumbot_ws/src/mecanumbot_sensorprocess_smart/install/mecanumbot_sensorprocess_smart/lib/python3.10/site-packages:${PYTHONPATH} /usr/bin/python3 -W ignore:setup.py install is deprecated -W ignore:easy_install command is deprecated setup.py develop --editable --build-directory /home/ubuntu/mecanumbot_ws/src/mecanumbot_sensorprocess_smart/build/mecanumbot_sensorprocess_smart/build --no-deps symlink_data
